﻿[36mvite v4.5.14 [32mbuilding for production...[36m[39m
transforming...
[32mÔ£ô[39m 1762 modules transformed.
[32mÔ£ô built in 4.16s[39m
node.exe : 
[31m"services" is 
not exported by "src
/config/services.js"
, imported by "src/p
ages/ServiceDetail.j
sx".[39m
In Zeile:1 Zeichen:1
+ & "C:\Program File
s\nodejs/node.exe" 
"C:\Program Files\no
dejs/node_mo ...
+ ~~~~~~~~~~~~~~~~~~
~~~~~~~~~~~~~~~~~~~~
~~~~~~~~~~~~~~~~~~~~
~~~~~~~~~~~
    + CategoryInfo  
            : NotS  
  pecified: ([31   
 m"services"...t    
ail.jsx".[39m:    
String) [], Rem    
oteException
    + FullyQualifie 
   dErrorId : Nati  
  veCommandError
 
file: [36mC:/Users/
info/Desktop/Baris-f
unktional/src/pages/
ServiceDetail.jsx:8:
9[39m
[33m 6: import 
PageWrapper from '@/
components/common/Pa
geWrapper';
 7: import { 
createPageUrl } 
from '@/utils';
 8: import { 
services as 
configServices } 
from 
'@/config/services';
             ^
 9: import 
ResponsiveImage 
from '@/components/u
i/ResponsiveImage'; 
// Assuming we have 
images for 
services, though 
config...
10: import { 
IconWrapper } from '
@/utils/iconMapper';
[39m
[31merror during 
build:
RollupError: 
"services" is not 
exported by "src/con
fig/services.js", 
imported by "src/pag
es/ServiceDetail.jsx
".
    at error (file:/
//C:/Users/info/Desk
top/Baris-funktional
/node_modules/rollup
/dist/es/shared/node
-entry.js:2287:30)
    at Module.error 
(file:///C:/Users/in
fo/Desktop/Baris-fun
ktional/node_modules
/rollup/dist/es/shar
ed/node-entry.js:137
45:16)
    at Module.traceV
ariable (file:///C:/
Users/info/Desktop/B
aris-funktional/node
_modules/rollup/dist
/es/shared/node-entr
y.js:14175:29)
    at ModuleScope.f
indVariable (file://
/C:/Users/info/Deskt
op/Baris-funktional/
node_modules/rollup/
dist/es/shared/node-
entry.js:12615:39)
    at ReturnValueSc
ope.findVariable (fi
le:///C:/Users/info/
Desktop/Baris-funkti
onal/node_modules/ro
llup/dist/es/shared/
node-entry.js:7124:3
8)
    at ChildScope.fi
ndVariable (file:///
C:/Users/info/Deskto
p/Baris-funktional/n
ode_modules/rollup/d
ist/es/shared/node-e
ntry.js:7124:38)
    at 
Identifier.bind (fil
e:///C:/Users/info/D
esktop/Baris-funktio
nal/node_modules/rol
lup/dist/es/shared/n
ode-entry.js:8319:40
)
    at LogicalExpres
sion.bind (file:///C
:/Users/info/Desktop
/Baris-funktional/no
de_modules/rollup/di
st/es/shared/node-en
try.js:5892:23)
    at VariableDecla
rator.bind (file:///
C:/Users/info/Deskto
p/Baris-funktional/n
ode_modules/rollup/d
ist/es/shared/node-e
ntry.js:5892:23)
    at VariableDecla
ration.bind (file://
/C:/Users/info/Deskt
op/Baris-funktional/
node_modules/rollup/
dist/es/shared/node-
entry.js:5888:28)[3
9m
